2025-12-26 11:07:58,116 - INFO - Initialized scraper for Notion
2025-12-26 11:07:58,117 - INFO - Source: all, Date range: 2024-06-01 to 2024-12-01
2025-12-26 11:07:58,117 - INFO - Starting review scraping for Notion...
2025-12-26 11:07:58,117 - INFO - Scraping from all sources...
2025-12-26 11:07:58,118 - INFO - Connecting to G2 Gateway... Success.
2025-12-26 11:07:58,118 - INFO - Navigating G2 pages...
2025-12-26 11:07:58,118 - INFO - Processing page 1 of reviews...
2025-12-26 11:07:58,618 - INFO - Found 5 reviews on page 1
2025-12-26 11:07:58,619 - INFO - Processing page 2 of reviews...
2025-12-26 11:07:59,120 - INFO - Found 5 reviews on page 2
2025-12-26 11:07:59,120 - INFO - Processing page 3 of reviews...
2025-12-26 11:07:59,622 - INFO - Found 5 reviews on page 3
2025-12-26 11:07:59,623 - INFO - G2 scraping complete. Total reviews: 15
2025-12-26 11:07:59,624 - INFO - Connecting to Capterra Gateway... Success.
2025-12-26 11:07:59,624 - INFO - Navigating Capterra pages...
2025-12-26 11:07:59,624 - INFO - Processing page 1 of reviews...
2025-12-26 11:08:00,124 - INFO - Found 5 reviews on page 1
2025-12-26 11:08:00,125 - INFO - Processing page 2 of reviews...
2025-12-26 11:08:00,626 - INFO - Found 5 reviews on page 2
2025-12-26 11:08:00,626 - INFO - Processing page 3 of reviews...
2025-12-26 11:08:01,127 - INFO - Found 5 reviews on page 3
2025-12-26 11:08:01,127 - INFO - Capterra scraping complete. Total reviews: 15
2025-12-26 11:08:01,128 - INFO - Connecting to TrustRadius Gateway... Success.
2025-12-26 11:08:01,128 - INFO - Navigating TrustRadius pages...
2025-12-26 11:08:01,128 - INFO - Processing page 1 of reviews...
2025-12-26 11:08:01,629 - INFO - Found 5 reviews on page 1
2025-12-26 11:08:01,629 - INFO - Processing page 2 of reviews...
2025-12-26 11:08:02,130 - INFO - Found 5 reviews on page 2
2025-12-26 11:08:02,131 - INFO - Processing page 3 of reviews...
2025-12-26 11:08:02,632 - INFO - Found 5 reviews on page 3
2025-12-26 11:08:02,633 - INFO - TrustRadius scraping complete. Total reviews: 15
2025-12-26 11:08:02,633 - INFO - Mission Complete. 45 Reviews Acquired.
2025-12-26 11:08:02,637 - INFO - Reviews saved to reviews_Notion_all_20251226_110802.json
2025-12-26 11:08:53,597 - INFO - Initialized scraper for Slack
2025-12-26 11:08:53,598 - INFO - Source: g2, Date range: 2024-01-01 to 2024-12-31
2025-12-26 11:08:53,598 - INFO - Starting review scraping for Slack...
2025-12-26 11:08:53,598 - INFO - Connecting to G2 Gateway... Success.
2025-12-26 11:08:53,598 - INFO - Navigating G2 pages...
2025-12-26 11:08:53,599 - INFO - Processing page 1 of reviews...
2025-12-26 11:08:54,100 - INFO - Found 5 reviews on page 1
2025-12-26 11:08:54,100 - INFO - Processing page 2 of reviews...
2025-12-26 11:08:54,601 - INFO - Found 5 reviews on page 2
2025-12-26 11:08:54,602 - INFO - Processing page 3 of reviews...
2025-12-26 11:08:55,103 - INFO - Found 5 reviews on page 3
2025-12-26 11:08:55,104 - INFO - G2 scraping complete. Total reviews: 15
2025-12-26 11:08:55,105 - INFO - Mission Complete. 15 Reviews Acquired.
2025-12-26 11:08:55,107 - INFO - Reviews saved to reviews_Slack_g2_20251226_110855.json
